Middlewares/ST/touchgfx/framework/include/touchgfx/hal/DMA.hpp:138:18:virtual void touchgfx::DMA_Interface::flush()	0	static
TouchGFX/Target/generated/STM32DMA.hpp:98:31:virtual touchgfx::DMAType STM32DMA::getDMAType()	0	static
TouchGFX/Target/generated/STM32DMA.cpp:46:17:void DMA2D_XferErrorCallback(DMA2D_HandleTypeDef*)	0	static
TouchGFX/Target/generated/STM32DMA.cpp:153:16:virtual touchgfx::BlitOperations STM32DMA::getBlitCaps()	0	static
TouchGFX/Target/generated/STM32DMA.cpp:62:1:STM32DMA::~STM32DMA()	0	static
TouchGFX/Target/generated/STM32DMA.cpp:62:1:virtual STM32DMA::~STM32DMA()	8	static
TouchGFX/Target/generated/STM32DMA.cpp:68:6:virtual void STM32DMA::initialize()	8	static
TouchGFX/Target/generated/STM32DMA.cpp:120:17:uint32_t STM32DMA::getChromARTOutputFormat(touchgfx::Bitmap::BitmapFormat)	8	static
TouchGFX/Target/generated/STM32DMA.cpp:343:6:virtual void STM32DMA::setupDataFill(const touchgfx::BlitOp&)	8	static
TouchGFX/Target/generated/STM32DMA.cpp:85:17:uint32_t STM32DMA::getChromARTInputFormat(touchgfx::Bitmap::BitmapFormat)	8	static
TouchGFX/Target/generated/STM32DMA.cpp:176:6:virtual void STM32DMA::setupDataCopy(const touchgfx::BlitOp&)	24	static
TouchGFX/Target/generated/STM32DMA.cpp:40:17:void DMA2D_XferCpltCallback(DMA2D_HandleTypeDef*)	0	static
TouchGFX/Target/generated/STM32DMA.hpp:220:10:void STM32DMA::externalJobExecute()	0	static
TouchGFX/Target/generated/STM32DMA.hpp:134:18:virtual void STM32DMA::signalDMAInterrupt()	8	static
TouchGFX/Target/generated/STM32DMA.hpp:160:18:virtual void STM32DMA::start()	8	static
TouchGFX/Target/generated/STM32DMA.cpp:56:1:STM32DMA::STM32DMA()	16	static
TouchGFX/Target/generated/STM32DMA.cpp:411:6:void touchgfx::paint::setL8Palette(const uint8_t*)	0	static
TouchGFX/Target/generated/STM32DMA.cpp:422:6:void touchgfx::paint::tearDown()	0	static
TouchGFX/Target/generated/STM32DMA.cpp:435:6:void touchgfx::paint::flushLine(uint32_t*, int)	0	static
TouchGFX/Target/generated/STM32DMA.cpp:444:6:void touchgfx::paint::invalidateTextureCache()	0	static
TouchGFX/Target/generated/STM32DMA.cpp:456:6:void touchgfx::paint::rgb565::lineFromColor(uint16_t*, unsigned int, uint32_t, uint8_t, uint32_t)	12	static
TouchGFX/Target/generated/STM32DMA.cpp:506:6:void touchgfx::paint::rgb565::lineFromRGB565(uint16_t*, const uint16_t*, unsigned int, uint8_t)	12	static
TouchGFX/Target/generated/STM32DMA.cpp:550:6:void touchgfx::paint::rgb565::lineFromARGB8888(uint16_t*, const uint32_t*, unsigned int, uint8_t)	12	static
TouchGFX/Target/generated/STM32DMA.cpp:583:6:void touchgfx::paint::rgb565::lineFromL8RGB888(uint16_t*, const uint8_t*, unsigned int, uint8_t)	16	static
TouchGFX/Target/generated/STM32DMA.cpp:648:6:void touchgfx::paint::rgb565::lineFromL8ARGB8888(uint16_t*, const uint8_t*, unsigned int, uint8_t)	12	static
TouchGFX/Target/generated/STM32DMA.cpp:714:6:void touchgfx::paint::rgb888::lineFromColor(uint8_t*, unsigned int, uint32_t, uint8_t)	12	static
TouchGFX/Target/generated/STM32DMA.cpp:764:6:void touchgfx::paint::rgb888::lineFromRGB888(uint8_t*, const uint8_t*, unsigned int, uint8_t)	12	static
TouchGFX/Target/generated/STM32DMA.cpp:808:6:void touchgfx::paint::rgb888::lineFromARGB8888(uint8_t*, const uint32_t*, unsigned int, uint8_t)	12	static
TouchGFX/Target/generated/STM32DMA.cpp:841:6:void touchgfx::paint::rgb888::lineFromL8RGB888(uint8_t*, const uint8_t*, unsigned int, uint8_t)	16	static
TouchGFX/Target/generated/STM32DMA.cpp:906:6:void touchgfx::paint::rgb888::lineFromL8ARGB8888(uint8_t*, const uint8_t*, unsigned int, uint8_t)	12	static
TouchGFX/Target/generated/STM32DMA.cpp:975:6:void touchgfx::paint::argb8888::lineFromColor(uint32_t*, int16_t, uint32_t, uint8_t)	16	static
TouchGFX/Target/generated/STM32DMA.cpp:1025:6:void touchgfx::paint::argb8888::lineFromRGB888(uint8_t*, const uint8_t*, int16_t, uint8_t)	16	static
TouchGFX/Target/generated/STM32DMA.cpp:1069:6:void touchgfx::paint::argb8888::lineFromRGB565(uint8_t*, const uint16_t*, int16_t, uint8_t)	16	static
TouchGFX/Target/generated/STM32DMA.cpp:1113:6:void touchgfx::paint::argb8888::lineFromARGB8888(uint8_t*, const uint32_t*, int16_t, uint8_t)	16	static
TouchGFX/Target/generated/STM32DMA.cpp:1154:6:void touchgfx::paint::argb8888::lineFromL8RGB888(uint8_t*, const uint8_t*, int16_t, uint8_t)	16	static
TouchGFX/Target/generated/STM32DMA.cpp:1219:6:void touchgfx::paint::argb8888::lineFromL8ARGB8888(uint8_t*, const uint8_t*, int16_t, uint8_t)	12	static
