Middlewares/ST/touchgfx/framework/include/touchgfx/hal/HAL.hpp:131:18:virtual void touchgfx::HAL::setDisplayOrientation(touchgfx::DisplayOrientation)	0	static
Middlewares/ST/touchgfx/framework/include/touchgfx/hal/HAL.hpp:717:18:virtual bool touchgfx::HAL::sampleKey(uint8_t&)	0	static
Middlewares/ST/touchgfx/framework/include/touchgfx/hal/HAL.hpp:790:18:virtual void touchgfx::HAL::setAnimationStorage(void*)	0	static
Middlewares/ST/touchgfx/framework/include/touchgfx/hal/HAL.hpp:828:18:virtual void touchgfx::HAL::waitForLTDCLines(uint16_t)	0	static
Middlewares/ST/touchgfx/framework/include/touchgfx/hal/HAL.hpp:972:30:virtual touchgfx::FlashDataReader* touchgfx::HAL::getFlashDataReader() const	0	static
Middlewares/ST/touchgfx/framework/include/touchgfx/hal/HAL.hpp:1134:18:virtual void touchgfx::HAL::taskDelay(uint16_t)	0	static
Middlewares/ST/touchgfx/framework/include/touchgfx/hal/HAL.hpp:1161:22:virtual uint16_t touchgfx::HAL::getTFTCurrentLine()	0	static
Middlewares/ST/touchgfx/framework/include/touchgfx/hal/HAL.hpp:1172:21:virtual touchgfx::DMAType touchgfx::HAL::getDMAType()	0	static
Middlewares/ST/touchgfx/framework/include/touchgfx/hal/HAL.hpp:1319:18:virtual void touchgfx::HAL::partialLTDCDeadlineMissed()	0	static
Middlewares/ST/touchgfx/framework/include/touchgfx/hal/HAL.hpp:1397:18:virtual void touchgfx::HAL::InvalidateCache()	0	static
Middlewares/ST/touchgfx/framework/include/touchgfx/hal/HAL.hpp:1407:18:virtual void touchgfx::HAL::FlushCache()	0	static
Middlewares/ST/touchgfx/framework/include/touchgfx/hal/HAL.hpp:1417:18:virtual void touchgfx::HAL::InvalidateTextureCache()	0	static
TouchGFX/Target/generated/TouchGFXGeneratedHAL.cpp:47:32:void __tcf_1()	0	static
TouchGFX/Target/generated/TouchGFXGeneratedHAL.cpp:81:6:virtual void TouchGFXGeneratedHAL::configureInterrupts()	0	static
TouchGFX/Target/generated/TouchGFXGeneratedHAL.cpp:102:6:virtual void TouchGFXGeneratedHAL::enableLCDControllerInterrupt()	0	static
TouchGFX/Target/generated/TouchGFXGeneratedHAL.cpp:128:11:virtual uint16_t* TouchGFXGeneratedHAL::getTFTFrameBuffer() const	0	static
TouchGFX/Target/generated/TouchGFXGeneratedHAL.cpp:133:6:virtual void TouchGFXGeneratedHAL::setTFTFrameBuffer(uint16_t*)	0	static
TouchGFX/Target/generated/DirectFrameBufferVideoController.hpp:32:7:DirectFrameBufferVideoController<1, touchgfx::Bitmap::RGB888>::~DirectFrameBufferVideoController()	0	static
TouchGFX/Target/generated/TouchGFXGeneratedHAL.hpp:30:7:TouchGFXGeneratedHAL::~TouchGFXGeneratedHAL()	0	static
TouchGFX/Target/generated/DirectFrameBufferVideoController.hpp:58:18:void DirectFrameBufferVideoController<no_streams, output_format>::unregisterVideoWidget(touchgfx::VideoController::Handle) [with long unsigned int no_streams = 1; touchgfx::Bitmap::BitmapFormat output_format = touchgfx::Bitmap::RGB888]	0	static
TouchGFX/Target/generated/DirectFrameBufferVideoController.hpp:297:18:void DirectFrameBufferVideoController<no_streams, output_format>::setVideoFrameRateCompensation(bool) [with long unsigned int no_streams = 1; touchgfx::Bitmap::BitmapFormat output_format = touchgfx::Bitmap::RGB888]	0	static
TouchGFX/Target/generated/TouchGFXGeneratedHAL.hpp:30:7:virtual TouchGFXGeneratedHAL::~TouchGFXGeneratedHAL()	8	static
TouchGFX/Target/generated/DirectFrameBufferVideoController.hpp:32:7:virtual DirectFrameBufferVideoController<1, touchgfx::Bitmap::RGB888>::~DirectFrameBufferVideoController()	8	static
TouchGFX/Target/generated/TouchGFXGeneratedHAL.cpp:64:6:virtual void TouchGFXGeneratedHAL::initialize()	16	static
TouchGFX/Target/generated/DirectFrameBufferVideoController.hpp:168:18:bool DirectFrameBufferVideoController<no_streams, output_format>::updateFrame(touchgfx::VideoController::Handle, touchgfx::VideoWidget&) [with long unsigned int no_streams = 1; touchgfx::Bitmap::BitmapFormat output_format = touchgfx::Bitmap::RGB888]	24	static
TouchGFX/Target/generated/TouchGFXGeneratedHAL.cpp:113:6:virtual bool TouchGFXGeneratedHAL::beginFrame()	0	static
TouchGFX/Target/generated/TouchGFXGeneratedHAL.cpp:118:6:virtual void TouchGFXGeneratedHAL::endFrame()	0	static
TouchGFX/Target/generated/TouchGFXGeneratedHAL.cpp:123:6:virtual void TouchGFXGeneratedHAL::submitGPU2D()	0	static
TouchGFX/Target/generated/TouchGFXGeneratedHAL.cpp:141:6:virtual void TouchGFXGeneratedHAL::flushFrameBuffer(const touchgfx::Rect&)	0	static
TouchGFX/Target/generated/TouchGFXGeneratedHAL.cpp:146:6:virtual bool TouchGFXGeneratedHAL::blockCopy(void*, const void*, uint32_t)	0	static
Middlewares/ST/touchgfx/framework/include/touchgfx/hal/HAL.hpp:685:18:virtual void touchgfx::HAL::backPorchExited()	8	static
TouchGFX/Target/generated/TouchGFXGeneratedHAL.hpp:119:18:virtual void TouchGFXGeneratedHAL::unlockFrameBuffer()	0	static
TouchGFX/Target/generated/TouchGFXGeneratedHAL.hpp:106:18:virtual void TouchGFXGeneratedHAL::flushFrameBuffer()	0	static
Middlewares/ST/touchgfx/framework/include/touchgfx/hal/HAL.hpp:1370:18:virtual void touchgfx::HAL::performDisplayOrientationChange()	8	static
Middlewares/ST/touchgfx/framework/include/touchgfx/hal/HAL.hpp:163:18:virtual void touchgfx::HAL::setFrameBufferSize(uint16_t, uint16_t)	8	static
TouchGFX/Target/generated/DirectFrameBufferVideoController.hpp:290:18:bool DirectFrameBufferVideoController<no_streams, output_format>::getIsPlaying(touchgfx::VideoController::Handle) [with long unsigned int no_streams = 1; touchgfx::Bitmap::BitmapFormat output_format = touchgfx::Bitmap::RGB888]	8	static
TouchGFX/Target/generated/DirectFrameBufferVideoController.hpp:284:18:void DirectFrameBufferVideoController<no_streams, output_format>::getVideoInformation(touchgfx::VideoController::Handle, touchgfx::VideoInformation*) [with long unsigned int no_streams = 1; touchgfx::Bitmap::BitmapFormat output_format = touchgfx::Bitmap::RGB888]	8	static
TouchGFX/Target/generated/DirectFrameBufferVideoController.hpp:276:22:uint32_t DirectFrameBufferVideoController<no_streams, output_format>::getCurrentFrameNumber(touchgfx::VideoController::Handle) [with long unsigned int no_streams = 1; touchgfx::Bitmap::BitmapFormat output_format = touchgfx::Bitmap::RGB888]	8	static
TouchGFX/Target/generated/DirectFrameBufferVideoController.hpp:109:18:void DirectFrameBufferVideoController<no_streams, output_format>::setCommand(touchgfx::VideoController::Handle, touchgfx::VideoController::Command, uint32_t) [with long unsigned int no_streams = 1; touchgfx::Bitmap::BitmapFormat output_format = touchgfx::Bitmap::RGB888]	16	static
TouchGFX/Target/generated/DirectFrameBufferVideoController.hpp:93:18:void DirectFrameBufferVideoController<no_streams, output_format>::setVideoData(touchgfx::VideoController::Handle, touchgfx::VideoDataReader&) [with long unsigned int no_streams = 1; touchgfx::Bitmap::BitmapFormat output_format = touchgfx::Bitmap::RGB888]	16	static
TouchGFX/Target/generated/DirectFrameBufferVideoController.hpp:77:18:void DirectFrameBufferVideoController<no_streams, output_format>::setVideoData(touchgfx::VideoController::Handle, const uint8_t*, uint32_t) [with long unsigned int no_streams = 1; touchgfx::Bitmap::BitmapFormat output_format = touchgfx::Bitmap::RGB888]	16	static
TouchGFX/Target/generated/DirectFrameBufferVideoController.hpp:63:18:void DirectFrameBufferVideoController<no_streams, output_format>::setFrameRate(touchgfx::VideoController::Handle, uint32_t, uint32_t) [with long unsigned int no_streams = 1; touchgfx::Bitmap::BitmapFormat output_format = touchgfx::Bitmap::RGB888]	8	static
TouchGFX/Target/generated/DirectFrameBufferVideoController.hpp:232:18:void DirectFrameBufferVideoController<no_streams, output_format>::draw(touchgfx::VideoController::Handle, const touchgfx::Rect&, const touchgfx::VideoWidget&) [with long unsigned int no_streams = 1; touchgfx::Bitmap::BitmapFormat output_format = touchgfx::Bitmap::RGB888]	32	static
Middlewares/ST/touchgfx/framework/include/touchgfx/hal/HAL.hpp:767:18:virtual void touchgfx::HAL::setFrameBufferStartAddresses(void*, void*, void*)	24	static
Middlewares/ST/touchgfx/framework/include/touchgfx/hal/HAL.hpp:358:28:virtual touchgfx::BlitOperations touchgfx::HAL::getBlitCaps()	0	static
TouchGFX/Target/generated/DirectFrameBufferVideoController.hpp:44:20:touchgfx::VideoController::Handle DirectFrameBufferVideoController<no_streams, output_format>::registerVideoWidget(touchgfx::VideoWidget&) [with long unsigned int no_streams = 1; touchgfx::Bitmap::BitmapFormat output_format = touchgfx::Bitmap::RGB888]	8	static
TouchGFX/Target/generated/TouchGFXGeneratedHAL.cpp:95:6:virtual void TouchGFXGeneratedHAL::disableInterrupts()	0	static
TouchGFX/Target/generated/TouchGFXGeneratedHAL.cpp:88:6:virtual void TouchGFXGeneratedHAL::enableInterrupts()	0	static
TouchGFX/Target/generated/TouchGFXGeneratedHAL.cpp:38:18:static touchgfx::VideoController& touchgfx::VideoController::getInstance()	0	static
TouchGFX/Target/generated/TouchGFXGeneratedHAL.cpp:45:17:static touchgfx::VectorRenderer* touchgfx::VectorRenderer::getInstance()	8	static
TouchGFX/Target/generated/TouchGFXGeneratedHAL.cpp:153:10:void HAL_LTDC_LineEventCallback(LTDC_HandleTypeDef*)	16	static
TouchGFX/Target/generated/TouchGFXGeneratedHAL.cpp:183:1:cpp)	8	static
