Middlewares/ST/touchgfx/framework/include/touchgfx/hal/HAL.hpp:131:18:virtual void touchgfx::HAL::setDisplayOrientation(touchgfx::DisplayOrientation)	0	static
Middlewares/ST/touchgfx/framework/include/touchgfx/hal/HAL.hpp:717:18:virtual bool touchgfx::HAL::sampleKey(uint8_t&)	0	static
Middlewares/ST/touchgfx/framework/include/touchgfx/hal/HAL.hpp:790:18:virtual void touchgfx::HAL::setAnimationStorage(void*)	0	static
Middlewares/ST/touchgfx/framework/include/touchgfx/hal/HAL.hpp:828:18:virtual void touchgfx::HAL::waitForLTDCLines(uint16_t)	0	static
Middlewares/ST/touchgfx/framework/include/touchgfx/hal/HAL.hpp:972:30:virtual touchgfx::FlashDataReader* touchgfx::HAL::getFlashDataReader() const	0	static
Middlewares/ST/touchgfx/framework/include/touchgfx/hal/HAL.hpp:1134:18:virtual void touchgfx::HAL::taskDelay(uint16_t)	0	static
Middlewares/ST/touchgfx/framework/include/touchgfx/hal/HAL.hpp:1161:22:virtual uint16_t touchgfx::HAL::getTFTCurrentLine()	0	static
Middlewares/ST/touchgfx/framework/include/touchgfx/hal/HAL.hpp:1172:21:virtual touchgfx::DMAType touchgfx::HAL::getDMAType()	0	static
Middlewares/ST/touchgfx/framework/include/touchgfx/hal/HAL.hpp:1319:18:virtual void touchgfx::HAL::partialLTDCDeadlineMissed()	0	static
Middlewares/ST/touchgfx/framework/include/touchgfx/hal/HAL.hpp:1397:18:virtual void touchgfx::HAL::InvalidateCache()	0	static
Middlewares/ST/touchgfx/framework/include/touchgfx/hal/HAL.hpp:1407:18:virtual void touchgfx::HAL::FlushCache()	0	static
Middlewares/ST/touchgfx/framework/include/touchgfx/hal/HAL.hpp:1417:18:virtual void touchgfx::HAL::InvalidateTextureCache()	0	static
TouchGFX/Target/TouchGFXHAL.hpp:37:7:TouchGFXHAL::~TouchGFXHAL()	0	static
TouchGFX/Target/TouchGFXHAL.cpp:34:6:virtual void TouchGFXHAL::initialize()	16	static
TouchGFX/Target/TouchGFXHAL.cpp:55:11:virtual uint16_t* TouchGFXHAL::getTFTFrameBuffer() const	0	static
TouchGFX/Target/TouchGFXHAL.cpp:70:6:virtual void TouchGFXHAL::setTFTFrameBuffer(uint16_t*)	0	static
TouchGFX/Target/TouchGFXHAL.cpp:87:6:virtual void TouchGFXHAL::flushFrameBuffer(const touchgfx::Rect&)	0	static
TouchGFX/Target/TouchGFXHAL.cpp:102:6:virtual bool TouchGFXHAL::blockCopy(void*, const void*, uint32_t)	0	static
TouchGFX/Target/TouchGFXHAL.cpp:111:6:virtual void TouchGFXHAL::configureInterrupts()	0	static
TouchGFX/Target/TouchGFXHAL.cpp:124:6:virtual void TouchGFXHAL::enableInterrupts()	0	static
TouchGFX/Target/TouchGFXHAL.cpp:137:6:virtual void TouchGFXHAL::disableInterrupts()	0	static
TouchGFX/Target/TouchGFXHAL.cpp:151:6:virtual void TouchGFXHAL::enableLCDControllerInterrupt()	0	static
TouchGFX/Target/TouchGFXHAL.cpp:161:6:virtual bool TouchGFXHAL::beginFrame()	0	static
TouchGFX/Target/TouchGFXHAL.cpp:166:6:virtual void TouchGFXHAL::endFrame()	0	static
Middlewares/ST/touchgfx/framework/include/touchgfx/hal/HAL.hpp:685:18:virtual void touchgfx::HAL::backPorchExited()	8	static
TouchGFX/Target/generated/TouchGFXGeneratedHAL.hpp:119:18:virtual void TouchGFXGeneratedHAL::unlockFrameBuffer()	0	static
TouchGFX/Target/TouchGFXHAL.hpp:109:18:virtual void TouchGFXHAL::flushFrameBuffer()	0	static
TouchGFX/Target/TouchGFXHAL.hpp:37:7:virtual TouchGFXHAL::~TouchGFXHAL()	8	static
Middlewares/ST/touchgfx/framework/include/touchgfx/hal/HAL.hpp:1370:18:virtual void touchgfx::HAL::performDisplayOrientationChange()	8	static
Middlewares/ST/touchgfx/framework/include/touchgfx/hal/HAL.hpp:163:18:virtual void touchgfx::HAL::setFrameBufferSize(uint16_t, uint16_t)	8	static
Middlewares/ST/touchgfx/framework/include/touchgfx/hal/HAL.hpp:767:18:virtual void touchgfx::HAL::setFrameBufferStartAddresses(void*, void*, void*)	24	static
Middlewares/ST/touchgfx/framework/include/touchgfx/hal/HAL.hpp:358:28:virtual touchgfx::BlitOperations touchgfx::HAL::getBlitCaps()	0	static
TouchGFX/Target/TouchGFXHAL.cpp:173:19:long int IdleTaskHook(void*)	8	static
